// Jest Snapshot v1, https://goo.gl/fbAQLP

exports[`Root component should match snapshot 1`] = `
<span>
  TODO
</span>
`;
